Secure SW_SW1

Switch>en
Switch#conf t
Enter configuration commands, one per line.  End with CNTL/Z.
Switch(config)# hostname SW1
SW1(config)#vlan 10
SW1(config-vlan)#exit
SW1(config)#vlan 20
SW1(config-vlan)#exit
SW1(config)#vlan 30
SW1(config-vlan)#exit
SW1(config)#int f0/2
SW1(config-if)#switchport access vlan 10
SW1(config-if)#switchport mode access 
SW1(config-if)#switchport access vlan 10
SW1(config-if)#exit
SW1(config)#int f0/4
SW1(config-if)#switchport mode access 
SW1(config-if)#switchport access vlan 20
SW1(config-if)#exit
SW1(config)#int f0/3
SW1(config-if)#switchport mode access 
SW1(config-if)#switchport access vlan 30
SW1(config-if)#exit
SW1(config)#
SW1(config)#int f0/1
SW1(config-if)#switchport mode trunk

SW1(config-if)#
%LINEPROTO-5-UPDOWN: Line protocol on Interface FastEthernet0/1, changed state to down

%LINEPROTO-5-UPDOWN: Line protocol on Interface FastEthernet0/1, changed state to up

SW1(config-if)#switchport trunk allowed vlan 1,10,20,30
SW1(config-if)#exit
SW1(config)#do sh int trunk
Port        Mode         Encapsulation  Status        Native vlan
Fa0/1       on           802.1q         trunking      1

Port        Vlans allowed on trunk
Fa0/1       1,10,20,30

Port        Vlans allowed and active in management domain
Fa0/1       1,10,20,30

Port        Vlans in spanning tree forwarding state and not pruned
Fa0/1       30

SW1 con0 is now available

Press RETURN to get started.

SW1>en
SW1#clock set 02:16:00 31 july 2025
SW1#conf t
Enter configuration commands, one per line.  End with CNTL/Z.
SW1(config)#ntp server 192.168.5.10
SW1(config)#do sh clock
*2:16:46.778 UTC Thu Jul 31 2025
SW1(config)#do sh ntp association

address         ref clock       st   when     poll    reach  delay          offset            disp
 ~192.168.5.10  .INIT.          16   -        64      0      0.00           0.00              0.12
 * sys.peer, # selected, + candidate, - outlyer, x falseticker, ~ configured
SW1(config)#


SW1>en
SW1#conf t
Enter configuration commands, one per line.  End with CNTL/Z.
SW1(config)#int f0/2
SW1(config-if)#switchport mode access
SW1(config-if)#switchport port-
SW1(config-if)#switchport port-security mac-address 0001.43CD.23A8
Port-security not enabled on interface FastEthernet0/2.
SW1(config-if)#switchport port-security violation shutdown
SW1(config-if)#exit
SW1(config)#
SW1(config)#
SW1(config)#int f0/3
SW1(config-if)#switchport mode access
SW1(config-if)#switchport port-security
SW1(config-if)#switchport port-security ?
  aging        Port-security aging commands
  mac-address  Secure mac address
  maximum      Max secure addresses
  violation    Security violation mode
  <cr>
SW1(config-if)#switchport port-security 
SW1(config-if)#switchport port-security mac-address 000C.8576.A932
Found duplicate mac-address 000c.8576.a932.
SW1(config-if)#switchport port-security violation shutdown
SW1(config-if)#exit
SW1(config)#
SW1(config)#
SW1(config)#int f0/4
SW1(config-if)#switchport mode access 
SW1(config-if)#switchport port-se
SW1(config-if)#switchport port-security 
SW1(config-if)#switchport port-security ?
  aging        Port-security aging commands
  mac-address  Secure mac address
  maximum      Max secure addresses
  violation    Security violation mode
  <cr>
SW1(config-if)#switchport port-security mac-address 00E0.8F01.ED93
Found duplicate mac-address 00e0.8f01.ed93.
SW1(config-if)#switchport port-security violation shutdown
SW1(config-if)#exit
SW1(config)#


AccessSW_SW2

Switch>en
Switch#conf t
Enter configuration commands, one per line.  End with CNTL/Z.
Switch(config)#hostname SW2
SW2(config)#vlan 10
SW2(config-vlan)#exit
SW2(config)#vlan 20
SW2(config-vlan)#exit
SW2(config)#vla 30
SW2(config-vlan)#exit
SW2(config)#
SW2(config)#int range f0/1-2
SW2(config-if-range)#switchport mode access
SW2(config-if-range)#switchport access vlan 10
SW2(config-if-range)#exit
SW2(config)#int range f0/3-4
SW2(config-if-range)#switchport mode access
SW2(config-if-range)#switchport access vlan 20
SW2(config-if-range)#exit
SW2(config)#int range f0/5-6
SW2(config-if-range)#switchport mode access
SW2(config-if-range)#switchport access vlan 30
SW2(config-if-range)#exit
SW2(config)#int f0/7
SW2(config-if)#switchport mode trunk

	
SW2(config-if)#switchport trunk allowed vlan 1,10,20,30
SW2(config-if)#exit
SW2(config)#
%LINK-5-CHANGED: Interface FastEthernet0/7, changed state to up

%LINEPROTO-5-UPDOWN: Line protocol on Interface FastEthernet0/7, changed state to up
	
SW2(config)#do sh int trunk 
Port        Mode         Encapsulation  Status        Native vlan
Fa0/7       on           802.1q         trunking      1

Port        Vlans allowed on trunk
Fa0/7       1,10,20,30

Port        Vlans allowed and active in management domain
Fa0/7       1,10,20,30

Port        Vlans in spanning tree forwarding state and not pruned
Fa0/7       1,10,20,30

SW2(config)#
SW2 con0 is now available

Press RETURN to get starte

SW2>en
SW2#clock set 02:19:00 31 july 2025
SW2#conf t
Enter configuration commands, one per line.  End with CNTL/Z.
SW2(config)#do sh clock
2:20:16.479 UTC Thu Jul 31 2025
SW2(config)#do sh ntp association
SW2(config)#ntp server 192.168.5.10
SW2(config)#do sh ntp association

address         ref clock       st   when     poll    reach  delay          offset            disp
 ~192.168.5.10  .INIT.          16   -        64      0      0.00           0.00              0.01
 * sys.peer, # selected, + candidate, - outlyer, x falseticker, ~ configured

SW2 con0 is now available

Press RETURN to get started.

SW2>en
SW2#conf t
Enter configuration commands, one per line.  End with CNTL/Z.
SW2(config)#int range f0/1-2
SW2(config-if-range)#switchport mode access 
SW2(config-if-range)#switchport port-se
SW2(config-if-range)#switchport port-security ?
  aging        Port-security aging commands
  mac-address  Secure mac address
  maximum      Max secure addresses
  violation    Security violation mode
  <cr>
SW2(config-if-range)#switchport port-security maximum 2
SW2(config-if-range)#switchport port-security violation restrict
SW2(config-if-range)#switchport port-security mac-address sticky
SW2(config-if-range)#exit
SW2(config)#int range f0/3-4
SW2(config-if-range)#switchport mode access	
SW2(config-if-range)#switchport port-security?
port-security  
SW2(config-if-range)#switchport port-security
SW2(config-if-range)#switchport port-security ?
  aging        Port-security aging commands
  mac-address  Secure mac address
  maximum      Max secure addresses
  violation    Security violation mode
  <cr>
	
SW2(config-if-range)#switchport port-security maximum 2
SW2(config-if-range)#switchport port-security violation restrict
SW2(config-if-range)#switchport port-security mac-address sticky
SW2(config-if-range)#exit	
SW2(config)#int range f0/5-6
SW2(config-if-range)#switchport mode access
SW2(config-if-range)#switchport port-
SW2(config-if-range)#switchport port-security 
SW2(config-if-range)#switchport port-security ?
  aging        Port-security aging commands
  mac-address  Secure mac address
  maximum      Max secure addresses
  violation    Security violation mode
  <cr>
SW2(config-if-range)#switchport port-security maximum 2
SW2(config-if-range)#switchport port-security violation restrict
SW2(config-if-range)#switchport port-security mac-address sticky
SW2(config-if-range)#exit
SW2(config)#

AccessSW_SW3

Switch>
Switch>en
Switch#conf t
Enter configuration commands, one per line.  End with CNTL/Z.
Switch(config)#hostname SW1
SW1(config)#vlan 10
SW1(config-vlan)#exit
SW1(config)#vlan 20
SW1(config-vlan)#exit
SW1(config)#vlan 30
SW1(config-vlan)#exit
SW1(config)#int range f0/1-2
SW1(config-if-range)#switchport mode access
SW1(config-if-range)#switchport access vlan 10
SW1(config-if-range)#exit
SW1(config)#int range f0/3-4
SW1(config-if-range)#switchport mode access
SW1(config-if-range)#switchport access vlan 20
SW1(config-if-range)#exit
SW1(config)#int range f0/5-6
SW1(config-if-range)#switchport mode access
SW1(config-if-range)#switchport access vlan 30
SW1(config-if-range)#exit
SW1(config)#
SW1(config)#int f0/7
SW1(config-if)#switchport mode trunk 

SW1(config-if)#
%LINEPROTO-5-UPDOWN: Line protocol on Interface FastEthernet0/7, changed state to down

%LINEPROTO-5-UPDOWN: Line protocol on Interface FastEthernet0/7, changed state to up
SW1(config-if)#switchport trunk allowed vlan 1,10,20,30
SW1(config-if)#
SW1(config-if)#do sh int trunk
Port        Mode         Encapsulation  Status        Native vlan
Fa0/7       on           802.1q         trunking      1

Port        Vlans allowed on trunk
Fa0/7       1,10,20,30

Port        Vlans allowed and active in management domain
Fa0/7       1,10,20,30

Port        Vlans in spanning tree forwarding state and not pruned
Fa0/7       30

SW1 con0 is now available

Press RETURN to get started.

SW1>en
SW1#clock set 02:23:00 31 july 2025
SW1#conf t
Enter configuration commands, one per line.  End with CNTL/Z.
SW1(config)#ntp server 192.168.5.10	
SW1(config)#do sh clock
*2:23:43.466 UTC Thu Jul 31 2025
SW1(config)#do sh ntp association

address         ref clock       st   when     poll    reach  delay          offset            disp
 ~192.168.5.10  .INIT.          16   -        64      0      0.00           0.00              0.12
 * sys.peer, # selected, + candidate, - outlyer, x falseticker, ~ configured
SW1(config)#


SW1 con0 is now available

Press RETURN to get started.


SW1>en
SW1#conf t
Enter configuration commands, one per line.  End with CNTL/Z.
SW1(config)#int range f0/1-2
SW1(config-if-range)#switchport mode access
SW1(config-if-range)#switchport port-
SW1(config-if-range)#switchport port-security 
SW1(config-if-range)#switchport port-security ?
  aging        Port-security aging commands
  mac-address  Secure mac address
  maximum      Max secure addresses
  violation    Security violation mode
  <cr>
SW1(config-if-range)#switchport port-security maximum 2
SW1(config-if-range)#switchport port-security violation restrict
SW1(config-if-range)#switchport port-security mac-address sticky
SW1(config-if-range)#exit
SW1(config)#int range f0/3-4
SW1(config-if-range)#switchport mode access
SW1(config-if-range)#switchport port-
SW1(config-if-range)#switchport port-security 
SW1(config-if-range)#switchport port-security ?
  aging        Port-security aging commands
  mac-address  Secure mac address
  maximum      Max secure addresses
  violation    Security violation mode
  <cr>
SW1(config-if-range)#switchport port-security maximum 2
SW1(config-if-range)#switchport port-security violation restrict
SW1(config-if-range)#switchport port-security mac-address sticky
SW1(config-if-range)#exit
SW1(config)#int range f0/5-6
SW1(config-if-range)#switchport mode access
SW1(config-if-range)#switchport port-se
SW1(config-if-range)#switchport port-security 
SW1(config-if-range)#switchport port-security ?
  aging        Port-security aging commands
  mac-address  Secure mac address
  maximum      Max secure addresses
  violation    Security violation mode
  <cr>
SW1(config-if-range)#switchport port-security maximum 2
SW1(config-if-range)#switchport port-security violation restrict
SW1(config-if-range)#switchport port-security mac-address sticky
SW1(config-if-range)#exit
SW1(config)#

CoreRouter_R1

R1>en
R1#conf t
Enter configuration commands, one per line.  End with CNTL/Z.
R1(config)#ip access-list standard wb-server
R1(config-std-nacl)#permit 

R1 con0 is now available

Press RETURN to get started.

R1>en
R1#conf t
Enter configuration commands, one per line.  End with CNTL/Z.
R1(config)#ip access-list standard web-server
R1(config-std-nacl)#permit 192.168.10.0 0.0.0.255
R1(config-std-nacl)#permit 192.168.20.0 0.0.0.255
R1(config-std-nacl)#permit 192.168.40.0 0.0.0.31
R1(config-std-nacl)#permit 192.168.40.32 0.0.0.31
R1(config-std-nacl)#exit
R1(config)#ip access-list standard web-server
R1(config-std-nacl)#deny any
R1(config-std-nacl)#exit
R1(config)#int g0/2 
R1(config-if)#ip access-group web_server out
R1(config-if)#exit
R1(config)#do sh ip access-list
Standard IP access list wb-server
Standard IP access list web-server
    10 permit 192.168.10.0 0.0.0.255
    20 permit 192.168.20.0 0.0.0.255
    30 permit 192.168.40.0 0.0.0.31
    40 permit 192.168.40.32 0.0.0.31
    50 deny any

R1(config)#no ip  access-list standard web-server
R1(config)#ip  access-list standard web-server
R1(config-std-nacl)#exit
R1(config)#int g0/1.10
R1(config-subif)#
%LINK-5-CHANGED: Interface GigabitEthernet0/1.10, changed state to up

%LINEPROTO-5-UPDOWN: Line protocol on Interface GigabitEthernet0/1.10, changed state to up

R1(config-subif)#ip  access-list standard web-server	
R1(config-std-nacl)#exit
R1(config)#int g0/1.10
R1(config-subif)#ip access-group web_server out
R1(config-subif)#exit
R1(config)#int g0/1.10
R1(config-subif)#do sh ip access-list
Standard IP access list wb-server
Standard IP access list web-server

R1(config-subif)#do sh ip access-list web-server
Standard IP access list web-server	
R1(config-subif)#ip access-list standard web-server
R1(config-std-nacl)#permit 192.168.10.0 0.0.0.255
R1(config-std-nacl)#permit 192.168.20.0 0.0.0.255
R1(config-std-nacl)#permit 192.168.40.0 0.0.0.31
R1(config-std-nacl)#permit 192.168.40.32 0.0.0.31
R1(config-std-nacl)#deny any
R1(config-std-nacl)#exit
R1(config)#int g0/2.10
R1(config-subif)#ip access-group web-server
% Incomplete command.
R1(config-subif)#ip access-group web-server out
R1(config-subif)#exit
R1(config)#

BranchRouter_R2

R2>en
R2#clock set 02:12:00 31 july 2025
R2#conf t
Enter configuration commands, one per line.  End with CNTL/Z.	
R2(config)#ntp server 192.168.5.10
R2(config)#do sh clock
*2:14:4.661 UTC Thu Jul 31 2025
R2(config)#do sh nt association

address         ref clock       st   when     poll    reach  delay          offset            disp
 ~192.168.5.10  127.127.1.1     1    9        16      177    0.00           43160858.00       0.12
 * sys.peer, # selected, + candidate, - outlyer, x falseticker, ~ configured
R2(config)#

R2 con0 is now available

Press RETURN to get started.

R2>en
R2#conf t
Enter configuration commands, one per line.  End with CNTL/Z.
R2(config)#aaa new-model
R2(config)#aaa authentication ?
  enable  Set authentication lists for enable.
  login   Set authentication lists for logins.
  ppp     Set authentication lists for ppp.
R2(config)#aaa authentication login myauth group ?
  radius   Use list of all Radius hosts.
  tacacs+  Use list of all Tacacs+ hosts.	
R2(config)#aaa authentication login myauth group tacacs+ local
R2(config)#tacacs-server host 192.168.5.10 key mykey
R2(config)#tacacs-server host 192.168.5.10 ?
  key                per-server encryption key (overrides default)
  single-connection  Multiplex all packets over a single tcp connection to
                     server (for CiscoSecure)
  <cr>
R2(config)#tacacs-server host 192.168.5.10 key mykey
R2(config)#enable password class
R2(config)#line vty 0 4
R2(config-line)#login ?
  authentication  authenticate using aaa method list
  local           Local password checking
  <cr>
R2(config-line)#login authentication ?
  WORD     authenticate using aaa method list
  default  authenticate using aaa default list
R2(config-line)#login authentication myauth
R2(config-line)#do wr
Building configuration...
[OK]
R2(config-line)#
R2(config-line)#do sh aaa sessions
Total sessions since last reload: 0
R2(config-line)#
R2>en
Password: 
Password: 
R2#en
R2#conf t
Enter configuration commands, one per line.  End with CNTL/Z.
R2(config)#ip access-list standard pc_access1
R2(config-std-nacl)#permit 192.168.30.0 0.0.0.255
R2(config-std-nacl)#permit 192.168.45.64 0.0.0.31
R2(config-std-nacl)#deny any
R2(config-std-nacl)#exit
R2(config)#int g0/2.30	
R2(config-subif)#ip access-list standard pc-access1
R2(config-std-nacl)#exit
R2(config)#int g0/2.30	
R2(config-subif)#ip access-group pc-access1 out
R2(config-subif)#exit
R2(config)#


R2>
R2>en
Password: 
R2#conf t
Enter configuration commands, one per line.  End with CNTL/Z.
R2(config)#do sh ntp association

address         ref clock       st   when     poll    reach  delay          offset            disp
*~192.168.5.10  127.127.1.1     1    12       16      377    0.00           0.00              0.12
 * sys.peer, # selected, + candidate, - outlyer, x falseticker, ~ configured
R2(config)#do sh clock
18:15:13.537 UTC Thu Jul 31 2025
R2(config)#

BranchRouter_R3

R3>en
R3#clock set 2:10:00 31 july 2025
R3#conf t
Enter configuration commands, one per line.  End with CNTL/Z.
R3(config)#ntp server 192.168.5.10
R3(config)#do sh clock
*2:10:27.613 UTC Thu Jul 31 2025
R3(config)#do sh ntp association

address         ref clock       st   when     poll    reach  delay          offset            disp
 ~192.168.5.10  127.127.1.1     1    9        16      1      1.00           43184361.00       0.00
 * sys.peer, # selected, + candidate, - outlyer, x falseticker, ~ configured
R3(config)#
R3 con0 is now available
Press RETURN to get started.
R3>
R3>en
R3#conf t
Enter configuration commands, one per line.  End with CNTL/Z.
R3(config)#aaa new-model
R3(config)#aaa authntication ?
% Unrecognized command
R3(config)#aaa authentication 
% Incomplete command.
R3(config)#aaa authentication ?
  enable  Set authentication lists for enable.
  login   Set authentication lists for logins.
  ppp     Set authentication lists for ppp.
R3(config)#aaa authentication login myauth group ?
  radius   Use list of all Radius hosts.
  tacacs+  Use list of all Tacacs+ hosts.
R3(config)#aaa authentication login myauth group tacacs+
R3(config)#aaa authentication login myauth group tacacs+ ?
  enable      Use enable password for authentication.
  group       Use Server-group.
  local       Use local username authentication.
  local-case  Use case-sensitive local username authentication.
  none        NO authentication.
  <cr>
R3(config)#aaa authentication login myauth group tacacs+ local
R3(config)#tacacs-server host 192.168.5.10 key mykey
R3(config)#tacacs-server host 192.168.5.10 ?
  key                per-server encryption key (overrides default)
  single-connection  Multiplex all packets over a single tcp connection to
                     server (for CiscoSecure)
  <cr>
R3(config)#tacacs-server host 192.168.5.10 key mykey
R3(config)#enable password class
R3(config)#line vty 0 4
R3(config-line)#login ?
  authentication  authenticate using aaa method list
  local           Local password checking
  <cr>
R3(config-line)#login authentication ?
  WORD     authenticate using aaa method list
  default  authenticate using aaa default list
R3(config-line)#login authentication myauth
R3(config-line)#do wr
Building configuration...
[OK]
R3(config-line)#do sh aaa sessions
Total sessions since last reload: 0
R3(config-line)#
R3 con0 is now available
Press RETURN to get started.
R3>en
Password: 
Password: 
Password: 
R3#en
R3#conf t
Enter configuration commands, one per line.  End with CNTL/Z.
R3(config)#ip access-list standard pc_access
R3(config-std-nacl)#permit 192.168.30.0 0.0.0.255
R3(config-std-nacl)#permit 192.168.40.64 0.0.0.31
R3(config-std-nacl)#deny any
R3(config-std-nacl)#int g0/2.30
R3(config-subif)#ip access-group pc-access out
R3(config-subif)#exit
R3(config)#




